// Jest Snapshot v1, https://goo.gl/fbAQLP

exports[`App App Component should match the snapshot 1`] = `
<div
  className="App"
>
  <Connect(Header) />
  <section
    className="Content-Container"
  >
    <Connect(SideBar) />
    <Connect(NoteContainer)
      currNoteTabs={Array []}
      key="undefinedOrder"
    />
  </section>
</div>
`;
